com\cg\spc\service\IClassIdServiceImplementation.class
com\cg\spc\controller\DiaryNotesController.class
com\cg\spc\repository\ClassIdRepository.class
com\cg\spc\controller\StudentExamAttemptController.class
com\cg\spc\service\IAttendanceServiceImplementation.class
com\cg\spc\entities\Attendance.class
com\cg\spc\repository\FeeInstallmentRepository.class
com\cg\spc\service\IFeeInstallmentServiceImplementation.class
com\cg\spc\service\IFeeServiceImplementation$1.class
com\cg\spc\service\IStudentServiceImplementation.class
com\cg\spc\service\StudentService.class
com\cg\spc\service\IFeeServiceImplementation.class
com\cg\spc\repository\ConcernRepository.class
com\cg\spc\controller\UserController.class
com\cg\spc\repository\AttendanceRepository.class
com\cg\spc\service\AttendanceService.class
com\cg\spc\controller\AttendanceController.class
com\cg\spc\service\ExamService.class
com\cg\spc\entities\User.class
com\cg\spc\repository\ParentRepository.class
com\cg\spc\controller\ConcernController.class
com\cg\spc\entities\ConcernType.class
com\cg\spc\service\IAttendanceServiceImplementation$1.class
com\cg\spc\service\StudentExamAttemptService.class
com\cg\spc\controller\ExamController.class
com\cg\spc\service\IUserServiceImplementation.class
com\cg\spc\entities\ExamType.class
com\cg\spc\repository\UserRepository.class
com\cg\spc\service\IExamServiceImplementation$1.class
com\cg\spc\repository\DiaryNotesRepository.class
com\cg\spc\repository\StudentRepository.class
com\cg\spc\entities\ClassDiary.class
com\cg\spc\service\IDiaryNotesServiceImplementation.class
com\cg\spc\repository\StudentExamAttemptRepository.class
com\cg\spc\repository\ExamRepository.class
com\cg\spc\entities\ConcernParty.class
com\cg\spc\service\ConcernService.class
com\cg\spc\service\IConcernServiceImplementation.class
com\cg\spc\entities\FeeInstallment.class
com\cg\spc\entities\Subject.class
com\cg\spc\entities\Admin.class
com\cg\spc\entities\Exam.class
com\cg\spc\entities\Parent.class
com\cg\spc\entities\DiaryNotes.class
com\cg\spc\entities\StudentExamAttempt.class
com\cg\spc\service\IClassDiaryServiceImplementation.class
com\cg\spc\service\ParentService.class
com\cg\spc\entities\Student.class
com\cg\spc\entities\Teacher.class
com\cg\spc\service\FeeInstallmentService.class
com\cg\spc\controller\FeeInstallmentController.class
com\cg\spc\controller\StudentController.class
com\cg\spc\service\FeeService.class
com\cg\spc\entities\Address.class
com\cg\spc\repository\ClassDiaryRepository.class
com\cg\spc\entities\Fee.class
com\cg\spc\entities\ClassId.class
com\cg\spc\repository\FeeRepository.class
com\cg\spc\controller\ClassDiaryController.class
com\cg\spc\SchoolParentCommunicationApplication.class
com\cg\spc\service\IStudentExamAttemptServiceImplementation.class
com\cg\spc\controller\ClassIdController.class
com\cg\spc\controller\ParentController.class
com\cg\spc\service\DiaryNotesService.class
com\cg\spc\SwaggerConfig.class
com\cg\spc\service\ClassIdService.class
com\cg\spc\controller\FeeController.class
com\cg\spc\service\UserService.class
com\cg\spc\entities\Concern.class
com\cg\spc\service\IExamServiceImplementation.class
com\cg\spc\service\IParentServiceImplementation.class
com\cg\spc\service\IDiaryNotesServiceImplementation$1.class
com\cg\spc\service\ClassDiaryService.class
