C:\Users\KAURAO\Downloads\SchoolParentCommunicationApplication\SchoolParentCommunicationApplication\src\main\java\com\cg\spc\service\DiaryNotesService.java
C:\Users\KAURAO\Downloads\SchoolParentCommunicationApplication\SchoolParentCommunicationApplication\src\main\java\com\cg\spc\service\ConcernService.java
C:\Users\KAURAO\Downloads\SchoolParentCommunicationApplication\SchoolParentCommunicationApplication\src\main\java\com\cg\spc\service\IConcernServiceImplementation.java
C:\Users\KAURAO\Downloads\SchoolParentCommunicationApplication\SchoolParentCommunicationApplication\src\main\java\com\cg\spc\service\ExamService.java
C:\Users\KAURAO\Downloads\SchoolParentCommunicationApplication\SchoolParentCommunicationApplication\src\main\java\com\cg\spc\repository\ParentRepository.java
C:\Users\KAURAO\Downloads\SchoolParentCommunicationApplication\SchoolParentCommunicationApplication\src\main\java\com\cg\spc\service\IFeeInstallmentServiceImplementation.java
C:\Users\KAURAO\Downloads\SchoolParentCommunicationApplication\SchoolParentCommunicationApplication\src\main\java\com\cg\spc\controller\ClassIdController.java
C:\Users\KAURAO\Downloads\SchoolParentCommunicationApplication\SchoolParentCommunicationApplication\src\main\java\com\cg\spc\service\ParentService.java
C:\Users\KAURAO\Downloads\SchoolParentCommunicationApplication\SchoolParentCommunicationApplication\src\main\java\com\cg\spc\repository\DiaryNotesRepository.java
C:\Users\KAURAO\Downloads\SchoolParentCommunicationApplication\SchoolParentCommunicationApplication\src\main\java\com\cg\spc\service\IDiaryNotesServiceImplementation.java
C:\Users\KAURAO\Downloads\SchoolParentCommunicationApplication\SchoolParentCommunicationApplication\src\main\java\com\cg\spc\service\IUserServiceImplementation.java
C:\Users\KAURAO\Downloads\SchoolParentCommunicationApplication\SchoolParentCommunicationApplication\src\main\java\com\cg\spc\entities\Admin.java
C:\Users\KAURAO\Downloads\SchoolParentCommunicationApplication\SchoolParentCommunicationApplication\src\main\java\com\cg\spc\entities\Teacher.java
C:\Users\KAURAO\Downloads\SchoolParentCommunicationApplication\SchoolParentCommunicationApplication\src\main\java\com\cg\spc\service\IClassIdServiceImplementation.java
C:\Users\KAURAO\Downloads\SchoolParentCommunicationApplication\SchoolParentCommunicationApplication\src\main\java\com\cg\spc\service\IParentServiceImplementation.java
C:\Users\KAURAO\Downloads\SchoolParentCommunicationApplication\SchoolParentCommunicationApplication\src\main\java\com\cg\spc\repository\AttendanceRepository.java
C:\Users\KAURAO\Downloads\SchoolParentCommunicationApplication\SchoolParentCommunicationApplication\src\main\java\com\cg\spc\service\ClassIdService.java
C:\Users\KAURAO\Downloads\SchoolParentCommunicationApplication\SchoolParentCommunicationApplication\src\main\java\com\cg\spc\SchoolParentCommunicationApplication.java
C:\Users\KAURAO\Downloads\SchoolParentCommunicationApplication\SchoolParentCommunicationApplication\src\main\java\com\cg\spc\service\IAttendanceServiceImplementation.java
C:\Users\KAURAO\Downloads\SchoolParentCommunicationApplication\SchoolParentCommunicationApplication\src\main\java\com\cg\spc\entities\ConcernParty.java
C:\Users\KAURAO\Downloads\SchoolParentCommunicationApplication\SchoolParentCommunicationApplication\src\main\java\com\cg\spc\service\AttendanceService.java
C:\Users\KAURAO\Downloads\SchoolParentCommunicationApplication\SchoolParentCommunicationApplication\src\main\java\com\cg\spc\service\StudentExamAttemptService.java
C:\Users\KAURAO\Downloads\SchoolParentCommunicationApplication\SchoolParentCommunicationApplication\src\main\java\com\cg\spc\controller\StudentExamAttemptController.java
C:\Users\KAURAO\Downloads\SchoolParentCommunicationApplication\SchoolParentCommunicationApplication\src\main\java\com\cg\spc\service\FeeService.java
C:\Users\KAURAO\Downloads\SchoolParentCommunicationApplication\SchoolParentCommunicationApplication\src\main\java\com\cg\spc\repository\ClassIdRepository.java
C:\Users\KAURAO\Downloads\SchoolParentCommunicationApplication\SchoolParentCommunicationApplication\src\main\java\com\cg\spc\repository\ConcernRepository.java
C:\Users\KAURAO\Downloads\SchoolParentCommunicationApplication\SchoolParentCommunicationApplication\src\main\java\com\cg\spc\service\ClassDiaryService.java
C:\Users\KAURAO\Downloads\SchoolParentCommunicationApplication\SchoolParentCommunicationApplication\src\main\java\com\cg\spc\entities\ExamType.java
C:\Users\KAURAO\Downloads\SchoolParentCommunicationApplication\SchoolParentCommunicationApplication\src\main\java\com\cg\spc\repository\StudentExamAttemptRepository.java
C:\Users\KAURAO\Downloads\SchoolParentCommunicationApplication\SchoolParentCommunicationApplication\src\main\java\com\cg\spc\controller\StudentController.java
C:\Users\KAURAO\Downloads\SchoolParentCommunicationApplication\SchoolParentCommunicationApplication\src\main\java\com\cg\spc\controller\ClassDiaryController.java
C:\Users\KAURAO\Downloads\SchoolParentCommunicationApplication\SchoolParentCommunicationApplication\src\main\java\com\cg\spc\entities\User.java
C:\Users\KAURAO\Downloads\SchoolParentCommunicationApplication\SchoolParentCommunicationApplication\src\main\java\com\cg\spc\entities\Student.java
C:\Users\KAURAO\Downloads\SchoolParentCommunicationApplication\SchoolParentCommunicationApplication\src\main\java\com\cg\spc\repository\UserRepository.java
C:\Users\KAURAO\Downloads\SchoolParentCommunicationApplication\SchoolParentCommunicationApplication\src\main\java\com\cg\spc\service\IStudentServiceImplementation.java
C:\Users\KAURAO\Downloads\SchoolParentCommunicationApplication\SchoolParentCommunicationApplication\src\main\java\com\cg\spc\controller\ConcernController.java
C:\Users\KAURAO\Downloads\SchoolParentCommunicationApplication\SchoolParentCommunicationApplication\src\main\java\com\cg\spc\entities\Subject.java
C:\Users\KAURAO\Downloads\SchoolParentCommunicationApplication\SchoolParentCommunicationApplication\src\main\java\com\cg\spc\service\StudentService.java
C:\Users\KAURAO\Downloads\SchoolParentCommunicationApplication\SchoolParentCommunicationApplication\src\main\java\com\cg\spc\entities\DiaryNotes.java
C:\Users\KAURAO\Downloads\SchoolParentCommunicationApplication\SchoolParentCommunicationApplication\src\main\java\com\cg\spc\repository\ExamRepository.java
C:\Users\KAURAO\Downloads\SchoolParentCommunicationApplication\SchoolParentCommunicationApplication\src\main\java\com\cg\spc\repository\FeeInstallmentRepository.java
C:\Users\KAURAO\Downloads\SchoolParentCommunicationApplication\SchoolParentCommunicationApplication\src\main\java\com\cg\spc\service\UserService.java
C:\Users\KAURAO\Downloads\SchoolParentCommunicationApplication\SchoolParentCommunicationApplication\src\main\java\com\cg\spc\controller\DiaryNotesController.java
C:\Users\KAURAO\Downloads\SchoolParentCommunicationApplication\SchoolParentCommunicationApplication\src\main\java\com\cg\spc\entities\ConcernType.java
C:\Users\KAURAO\Downloads\SchoolParentCommunicationApplication\SchoolParentCommunicationApplication\src\main\java\com\cg\spc\controller\AttendanceController.java
C:\Users\KAURAO\Downloads\SchoolParentCommunicationApplication\SchoolParentCommunicationApplication\src\main\java\com\cg\spc\controller\ParentController.java
C:\Users\KAURAO\Downloads\SchoolParentCommunicationApplication\SchoolParentCommunicationApplication\src\main\java\com\cg\spc\controller\FeeController.java
C:\Users\KAURAO\Downloads\SchoolParentCommunicationApplication\SchoolParentCommunicationApplication\src\main\java\com\cg\spc\service\IExamServiceImplementation.java
C:\Users\KAURAO\Downloads\SchoolParentCommunicationApplication\SchoolParentCommunicationApplication\src\main\java\com\cg\spc\entities\Attendance.java
C:\Users\KAURAO\Downloads\SchoolParentCommunicationApplication\SchoolParentCommunicationApplication\src\main\java\com\cg\spc\entities\StudentExamAttempt.java
C:\Users\KAURAO\Downloads\SchoolParentCommunicationApplication\SchoolParentCommunicationApplication\src\main\java\com\cg\spc\controller\ExamController.java
C:\Users\KAURAO\Downloads\SchoolParentCommunicationApplication\SchoolParentCommunicationApplication\src\main\java\com\cg\spc\service\FeeInstallmentService.java
C:\Users\KAURAO\Downloads\SchoolParentCommunicationApplication\SchoolParentCommunicationApplication\src\main\java\com\cg\spc\service\IStudentExamAttemptServiceImplementation.java
C:\Users\KAURAO\Downloads\SchoolParentCommunicationApplication\SchoolParentCommunicationApplication\src\main\java\com\cg\spc\controller\FeeInstallmentController.java
C:\Users\KAURAO\Downloads\SchoolParentCommunicationApplication\SchoolParentCommunicationApplication\src\main\java\com\cg\spc\entities\ClassId.java
C:\Users\KAURAO\Downloads\SchoolParentCommunicationApplication\SchoolParentCommunicationApplication\src\main\java\com\cg\spc\entities\Fee.java
C:\Users\KAURAO\Downloads\SchoolParentCommunicationApplication\SchoolParentCommunicationApplication\src\main\java\com\cg\spc\entities\Exam.java
C:\Users\KAURAO\Downloads\SchoolParentCommunicationApplication\SchoolParentCommunicationApplication\src\main\java\com\cg\spc\SwaggerConfig.java
C:\Users\KAURAO\Downloads\SchoolParentCommunicationApplication\SchoolParentCommunicationApplication\src\main\java\com\cg\spc\entities\Parent.java
C:\Users\KAURAO\Downloads\SchoolParentCommunicationApplication\SchoolParentCommunicationApplication\src\main\java\com\cg\spc\entities\ClassDiary.java
C:\Users\KAURAO\Downloads\SchoolParentCommunicationApplication\SchoolParentCommunicationApplication\src\main\java\com\cg\spc\service\IFeeServiceImplementation.java
C:\Users\KAURAO\Downloads\SchoolParentCommunicationApplication\SchoolParentCommunicationApplication\src\main\java\com\cg\spc\repository\StudentRepository.java
C:\Users\KAURAO\Downloads\SchoolParentCommunicationApplication\SchoolParentCommunicationApplication\src\main\java\com\cg\spc\controller\UserController.java
C:\Users\KAURAO\Downloads\SchoolParentCommunicationApplication\SchoolParentCommunicationApplication\src\main\java\com\cg\spc\entities\FeeInstallment.java
C:\Users\KAURAO\Downloads\SchoolParentCommunicationApplication\SchoolParentCommunicationApplication\src\main\java\com\cg\spc\repository\ClassDiaryRepository.java
C:\Users\KAURAO\Downloads\SchoolParentCommunicationApplication\SchoolParentCommunicationApplication\src\main\java\com\cg\spc\entities\Address.java
C:\Users\KAURAO\Downloads\SchoolParentCommunicationApplication\SchoolParentCommunicationApplication\src\main\java\com\cg\spc\entities\Concern.java
C:\Users\KAURAO\Downloads\SchoolParentCommunicationApplication\SchoolParentCommunicationApplication\src\main\java\com\cg\spc\service\IClassDiaryServiceImplementation.java
C:\Users\KAURAO\Downloads\SchoolParentCommunicationApplication\SchoolParentCommunicationApplication\src\main\java\com\cg\spc\repository\FeeRepository.java
